// Jest Snapshot v1, https://goo.gl/fbAQLP

exports[`Layout preserves its structure 1`] = `
<div>
  <div
    class="flex-col items-center mb-20 text-white bg-black rflex layout font-body"
  >
    <main />
    <footer
      class="grid items-center grid-cols-1 grid-rows-3 mt-8 mb-24 sm:items-start sm:justify-items-center sm:grid-rows-2 sm:grid-cols-2"
    >
      <p
        class="self-start col-span-1 col-start-1 row-span-1 row-start-3 mt-8 text-center sm:col-span-2 sm:row-start-2"
      >
        Â© 
        2024
         Martin Hutchinson
      </p>
    </footer>
  </div>
</div>
`;
